2025-04-09 01:26:02,001 - INFO - Model loaded successfully from email_app\models\enhanced_email_categorization_model_v4.joblib
2025-04-09 01:26:02,087 - INFO - Database connection test successful
2025-04-09 01:26:02,150 - INFO - Standardizing existing categories...
2025-04-09 01:26:02,303 - INFO - Category standardization completed successfully
2025-04-09 01:26:02,386 - INFO - Low confidence categorization: Email 17423b31222cdf79 -> General Business Communication (0.378)
2025-04-09 01:26:02,402 - INFO - Low confidence categorization: Email 17423bc5c4e6bb7e -> General Business Communication (0.326)
2025-04-09 01:26:02,414 - INFO - Low confidence categorization: Email 17423c44c9f886d3 -> Project Management & Strategy (0.243)
2025-04-09 01:26:02,427 - INFO - Low confidence categorization: Email 17423c598212151a -> General Business Communication (0.378)
2025-04-09 01:26:02,450 - INFO - Low confidence categorization: Email 17423c6047ce9b62 -> Internal Policies & HR Updates (0.408)
2025-04-09 01:26:02,485 - INFO - Low confidence categorization: Email 17423d1a922f92f2 -> General Business Communication (0.326)
2025-04-09 01:26:02,508 - INFO - Low confidence categorization: Email 17423d871ba51f33 -> Project Management & Strategy (0.231)
2025-04-09 01:26:02,530 - INFO - Low confidence categorization: Email 17423dd67e5805a9 -> General Business Communication (0.378)
2025-04-09 01:26:02,553 - INFO - Low confidence categorization: Email 17423ed3cc84a603 -> General Business Communication (0.339)
2025-04-09 01:26:02,576 - INFO - Low confidence categorization: Email 174242932c804720 -> Project Management & Strategy (0.223)
2025-04-09 01:26:02,599 - INFO - Low confidence categorization: Email 17452035c5cec66c -> General Business Communication (0.484)
2025-04-09 01:26:02,622 - INFO - Low confidence categorization: Email 1745203b0aca5443 -> Internal Policies & HR Updates (0.346)
2025-04-09 01:26:02,641 - INFO - Low confidence categorization: Email 1745206247f47107 -> General Business Communication (0.378)
2025-04-09 01:26:02,662 - INFO - Low confidence categorization: Email 174520ea5d7aeba8 -> General Business Communication (0.360)
2025-04-09 01:26:02,677 - INFO - Low confidence categorization: Email 1745212de643d360 -> General Business Communication (0.281)
2025-04-09 01:26:02,693 - INFO - Low confidence categorization: Email 174528a2dbcf1c61 -> General Business Communication (0.356)
2025-04-09 01:26:02,709 - INFO - Medium confidence categorization: Email 174528b17a655791 -> IT Alerts & System Notifications (0.668)
2025-04-09 01:26:02,727 - INFO - Low confidence categorization: Email 1745293064b3004e -> General Business Communication (0.371)
2025-04-09 01:26:02,740 - INFO - Low confidence categorization: Email 17452992b643230f -> General Business Communication (0.277)
2025-04-09 01:26:02,755 - INFO - Low confidence categorization: Email 174529be5826a947 -> IT Alerts & System Notifications (0.384)
2025-04-09 01:26:02,771 - INFO - Low confidence categorization: Email 174af64eb78bad44 -> General Business Communication (0.372)
2025-04-09 01:26:02,784 - INFO - Low confidence categorization: Email 174af651eb71e40b -> General Business Communication (0.300)
2025-04-09 01:26:02,798 - INFO - Low confidence categorization: Email 174af6b5199b3741 -> General Business Communication (0.372)
2025-04-09 01:26:02,816 - INFO - Low confidence categorization: Email 174af7b8a957291b -> General Business Communication (0.282)
2025-04-09 01:26:02,834 - INFO - Low confidence categorization: Email 174af8c3bb2e41f8 -> Project Management & Strategy (0.213)
2025-04-09 01:26:02,854 - INFO - Low confidence categorization: Email 1751b80d2ab5a791 -> General Business Communication (0.327)
2025-04-09 01:26:02,890 - INFO - Low confidence categorization: Email 1751bc04b6080353 -> General Business Communication (0.361)
2025-04-09 01:26:02,913 - INFO - Low confidence categorization: Email 1751bc2635ba24b2 -> General Business Communication (0.326)
2025-04-09 01:26:02,934 - INFO - Low confidence categorization: Email 1751bccc4522903a -> General Business Communication (0.276)
2025-04-09 01:26:02,967 - INFO - Low confidence categorization: Email 1753ed7d9f2f95ec -> General Business Communication (0.370)
2025-04-09 01:26:02,983 - INFO - Low confidence categorization: Email 1755e615aa373ec0 -> General Business Communication (0.352)
2025-04-09 01:26:03,020 - INFO - Low confidence categorization: Email 1755ea5a78e9e3ab -> General Business Communication (0.297)
2025-04-09 01:26:03,041 - INFO - Low confidence categorization: Email 1755ea69729d39ff -> Project Management & Strategy (0.264)
2025-04-09 01:26:03,067 - INFO - Low confidence categorization: Email 1755ea738c40cfc1 -> General Business Communication (0.259)
2025-04-09 01:26:03,083 - INFO - Low confidence categorization: Email 1755ead841b5e5e2 -> General Business Communication (0.297)
2025-04-09 01:26:03,103 - INFO - Low confidence categorization: Email 1755eaf9217c6524 -> Project Management & Strategy (0.264)
2025-04-09 01:26:03,128 - INFO - Low confidence categorization: Email 1755eb00f791e0bb -> General Business Communication (0.259)
2025-04-09 01:26:03,141 - INFO - Low confidence categorization: Email 1755eb8a5c0eb2dd -> General Business Communication (0.297)
2025-04-09 01:26:03,177 - INFO - Low confidence categorization: Email 1755eb9cc0f93c88 -> Project Management & Strategy (0.264)
2025-04-09 01:26:03,191 - INFO - Low confidence categorization: Email 1755eba2f20fb306 -> General Business Communication (0.259)
2025-04-09 01:26:03,226 - INFO - Low confidence categorization: Email 1755ec45a459101a -> General Business Communication (0.287)
2025-04-09 01:26:03,256 - INFO - Low confidence categorization: Email 1755ec4ba3d6b93c -> Project Management & Strategy (0.225)
2025-04-09 01:26:03,282 - INFO - Low confidence categorization: Email 1755ec536edc5b83 -> General Business Communication (0.259)
2025-04-09 01:26:03,302 - INFO - Low confidence categorization: Email 1756277f64497d8a -> General Business Communication (0.507)
2025-04-09 01:26:03,334 - INFO - Low confidence categorization: Email 17563e1aac3af57f -> General Business Communication (0.305)
2025-04-09 01:26:03,383 - INFO - Low confidence categorization: Email 175727086522291d -> General Business Communication (0.401)
2025-04-09 01:26:03,395 - INFO - Low confidence categorization: Email 175734a09f6f4e78 -> General Business Communication (0.419)
2025-04-09 01:26:03,408 - INFO - Low confidence categorization: Email 175734aedf225a51 -> General Business Communication (0.437)
2025-04-09 01:26:03,422 - INFO - Low confidence categorization: Email 175734b9d78b3219 -> General Business Communication (0.353)
2025-04-09 01:26:03,441 - INFO - Low confidence categorization: Email 175734d0c5dd294b -> General Business Communication (0.297)
2025-04-09 01:26:03,456 - INFO - Low confidence categorization: Email 175734de2ccb8a81 -> General Business Communication (0.265)
2025-04-09 01:26:03,474 - INFO - Low confidence categorization: Email 175734e400c779d4 -> General Business Communication (0.291)
2025-04-09 01:26:03,489 - INFO - Low confidence categorization: Email 175878f127020309 -> General Business Communication (0.296)
2025-04-09 01:26:03,502 - INFO - Low confidence categorization: Email 175878f65308db7e -> Project Management & Strategy (0.315)
2025-04-09 01:26:03,514 - INFO - Low confidence categorization: Email 175878fcc3664d74 -> Project Management & Strategy (0.299)
2025-04-09 01:26:03,525 - INFO - Low confidence categorization: Email 17587927366fbd4d -> General Business Communication (0.296)
2025-04-09 01:26:03,537 - INFO - Low confidence categorization: Email 1758792ce3cec5c7 -> Project Management & Strategy (0.314)
2025-04-09 01:26:03,552 - INFO - Low confidence categorization: Email 1758793448685174 -> Project Management & Strategy (0.299)
2025-04-09 01:26:03,565 - INFO - Low confidence categorization: Email 17587956a872a20a -> General Business Communication (0.297)
2025-04-09 01:26:03,575 - INFO - Low confidence categorization: Email 1758795c67eff080 -> Project Management & Strategy (0.316)
2025-04-09 01:26:03,589 - INFO - Low confidence categorization: Email 17587965f4528b7f -> Project Management & Strategy (0.299)
2025-04-09 01:26:03,604 - INFO - Low confidence categorization: Email 1758825228448de4 -> Internal Policies & HR Updates (0.454)
2025-04-09 01:26:03,619 - INFO - Low confidence categorization: Email 17591edc6ad72d14 -> General Business Communication (0.296)
2025-04-09 01:26:03,634 - INFO - Low confidence categorization: Email 17591ee4251667b5 -> Project Management & Strategy (0.249)
2025-04-09 01:26:03,650 - INFO - Low confidence categorization: Email 17591eec2e3af027 -> General Business Communication (0.322)
2025-04-09 01:26:03,665 - INFO - Low confidence categorization: Email 17591ef7bdec0bfe -> General Business Communication (0.247)
2025-04-09 01:26:03,678 - INFO - Low confidence categorization: Email 1759202e85c07e4a -> General Business Communication (0.296)
2025-04-09 01:26:03,689 - INFO - Low confidence categorization: Email 17592034c05745df -> Project Management & Strategy (0.250)
2025-04-09 01:26:03,705 - INFO - Low confidence categorization: Email 1759203bac8b4aa2 -> General Business Communication (0.322)
2025-04-09 01:26:03,721 - INFO - Low confidence categorization: Email 175922c72a7edc38 -> General Business Communication (0.352)
2025-04-09 01:26:03,737 - INFO - Low confidence categorization: Email 175922e80c005238 -> General Business Communication (0.322)
2025-04-09 01:26:03,752 - INFO - Low confidence categorization: Email 175922f17a8e4d13 -> General Business Communication (0.351)
2025-04-09 01:26:03,779 - INFO - Low confidence categorization: Email 175923f4432bc578 -> General Business Communication (0.352)
2025-04-09 01:26:03,800 - INFO - Low confidence categorization: Email 175923fa58eb3013 -> General Business Communication (0.322)
2025-04-09 01:26:03,816 - INFO - Low confidence categorization: Email 175923fe07958900 -> IT Alerts & System Notifications (0.238)
2025-04-09 01:26:03,832 - INFO - Low confidence categorization: Email 175923ffb0161fae -> General Business Communication (0.351)
2025-04-09 01:26:03,844 - INFO - Low confidence categorization: Email 1759274c16f3c90a -> General Business Communication (0.224)
2025-04-09 01:26:03,860 - INFO - Low confidence categorization: Email 175979c299fd9fc6 -> Finance & Transactions (0.192)
2025-04-09 01:26:03,879 - INFO - Low confidence categorization: Email 1759e807791ebcc7 -> IT Alerts & System Notifications (0.523)
2025-04-09 01:26:03,935 - INFO - Low confidence categorization: Email 175b0d39dfe32531 -> General Business Communication (0.206)
2025-04-09 01:26:03,966 - INFO - Low confidence categorization: Email 175b0d796f7288de -> General Business Communication (0.352)
2025-04-09 01:26:03,999 - INFO - Low confidence categorization: Email 175b0d818e6771c0 -> Project Management & Strategy (0.332)
2025-04-09 01:26:04,018 - INFO - Low confidence categorization: Email 175b0d8882f67e9b -> General Business Communication (0.332)
2025-04-09 01:26:04,067 - INFO - Low confidence categorization: Email 175b0ff789b663ec -> General Business Communication (0.311)
2025-04-09 01:26:04,083 - INFO - Low confidence categorization: Email 175b0ffe246660dd -> Project Management & Strategy (0.475)
2025-04-09 01:26:04,105 - INFO - Low confidence categorization: Email 175b1015ceb89292 -> Project Management & Strategy (0.291)
2025-04-09 01:26:04,126 - INFO - Low confidence categorization: Email 175b107e1a1d89a2 -> General Business Communication (0.326)
2025-04-09 01:26:04,142 - INFO - Low confidence categorization: Email 175b1083262ff743 -> Project Management & Strategy (0.344)
2025-04-09 01:26:04,158 - INFO - Low confidence categorization: Email 175b1089888a4fc4 -> Project Management & Strategy (0.291)
2025-04-09 01:26:04,198 - INFO - Low confidence categorization: Email 175b1089ce07852e -> Personal Communication & Purely Personal (0.252)
2025-04-09 01:26:04,225 - INFO - Low confidence categorization: Email 175b111a9ca841f7 -> General Business Communication (0.352)
2025-04-09 01:26:04,253 - INFO - Low confidence categorization: Email 175b11201fc5431c -> Project Management & Strategy (0.332)
2025-04-09 01:26:04,281 - INFO - Low confidence categorization: Email 175b112caebaf8f1 -> General Business Communication (0.332)
2025-04-09 01:26:04,298 - INFO - Low confidence categorization: Email 175b9e5f03b08bff -> IT Alerts & System Notifications (0.206)
2025-04-09 01:26:04,321 - INFO - Low confidence categorization: Email 175b9e5f04f0d0ce -> Personal Communication & Purely Personal (0.244)
2025-04-09 01:26:04,346 - INFO - Low confidence categorization: Email 175bb852b2b97379 -> General Business Communication (0.385)
2025-04-09 01:26:04,378 - INFO - Low confidence categorization: Email 175cf54075945085 -> General Business Communication (0.296)
2025-04-09 01:26:04,402 - INFO - Low confidence categorization: Email 175cf545e99cb1e0 -> Project Management & Strategy (0.313)
2025-04-09 01:26:04,441 - INFO - Low confidence categorization: Email 175cf54b9c5c9027 -> Project Management & Strategy (0.297)
2025-04-09 01:26:04,460 - INFO - Low confidence categorization: Email 175cf5a964621b72 -> General Business Communication (0.352)
2025-04-09 01:26:04,462 - INFO - 
Progress Report (Processed: 100):
2025-04-09 01:26:04,462 - INFO - Success Rate: 100.00%
2025-04-09 01:26:04,463 - INFO - 
Category Distribution:
2025-04-09 01:26:04,463 - INFO - - Finance & Transactions: 1 (1.0%)
2025-04-09 01:26:04,463 - INFO - - General Business Communication: 65 (65.0%)
2025-04-09 01:26:04,463 - INFO - - IT Alerts & System Notifications: 5 (5.0%)
2025-04-09 01:26:04,464 - INFO - - Internal Policies & HR Updates: 3 (3.0%)
2025-04-09 01:26:04,464 - INFO - - Personal Communication & Purely Personal: 2 (2.0%)
2025-04-09 01:26:04,464 - INFO - - Project Management & Strategy: 24 (24.0%)
2025-04-09 01:26:04,464 - INFO - 
Confidence Levels (Successfully Categorized):
2025-04-09 01:26:04,464 - INFO - - high: 0 (0.0%)
2025-04-09 01:26:04,465 - INFO - - medium: 1 (1.0%)
2025-04-09 01:26:04,465 - INFO - - low: 99 (99.0%)
2025-04-09 01:26:04,465 - INFO - 
Content Length Analysis:
2025-04-09 01:26:04,465 - INFO - - Average content length: 18766.0 characters
2025-04-09 01:26:04,466 - INFO - - Emails without subject: 1
2025-04-09 01:26:04,466 - INFO - - Emails without message: 1
2025-04-09 01:26:04,494 - ERROR - Error in update_email_categories: no results to fetch
