2025-04-08 11:48:20,844 - INFO - Loading dataset...
2025-04-08 11:48:24,939 - INFO - Extracting features...
2025-04-08 11:49:24,743 - INFO - Training models...
2025-04-08 11:49:24,798 - INFO - Training svm...
2025-04-08 11:49:37,030 - INFO - Training lr...
2025-04-08 11:58:04,290 - INFO - Loading dataset...
2025-04-08 11:58:10,261 - INFO - Extracting features...
2025-04-08 11:58:58,613 - INFO - Training models...
2025-04-08 11:58:58,676 - INFO - Training svm...
2025-04-08 11:59:10,909 - INFO - Training lr...
2025-04-08 12:06:57,244 - INFO - Training nb...
2025-04-08 12:06:58,609 - INFO - Training xgb...
2025-04-08 12:08:34,667 - INFO - Loading dataset...
2025-04-08 12:08:38,753 - INFO - Extracting features...
2025-04-08 12:09:23,214 - INFO - Training models...
2025-04-08 12:09:23,215 - INFO - Training svm...
2025-04-08 12:09:33,422 - INFO - Training lr...
2025-04-08 12:17:18,969 - INFO - Training nb...
2025-04-08 12:17:19,010 - INFO - Training xgb...
2025-04-08 12:30:13,844 - INFO - Loading dataset...
2025-04-08 12:30:17,854 - INFO - Extracting features...
2025-04-08 12:31:00,994 - INFO - Training models...
2025-04-08 12:31:00,996 - INFO - Training svm...
2025-04-08 12:31:11,949 - INFO - Training lr...
2025-04-08 12:40:16,967 - INFO - Training nb...
2025-04-08 12:40:17,007 - INFO - Training xgb...
2025-04-08 13:45:01,559 - INFO - Model training completed
2025-04-08 13:45:01,575 - INFO - Evaluating models...
2025-04-08 13:45:04,650 - INFO - 
Model Performance Summary:
2025-04-08 13:45:04,650 - INFO - 
svm:
2025-04-08 13:45:04,650 - INFO - accuracy: 0.5459
2025-04-08 13:45:04,650 - INFO - precision: 0.4816
2025-04-08 13:45:04,650 - INFO - recall: 0.6367
2025-04-08 13:45:04,650 - INFO - f1: 0.5009
2025-04-08 13:45:04,650 - INFO - 
lr:
2025-04-08 13:45:04,650 - INFO - accuracy: 0.5689
2025-04-08 13:45:04,650 - INFO - precision: 0.4890
2025-04-08 13:45:04,650 - INFO - recall: 0.6535
2025-04-08 13:45:04,650 - INFO - f1: 0.5197
2025-04-08 13:45:04,650 - INFO - 
nb:
2025-04-08 13:45:04,650 - INFO - accuracy: 0.4382
2025-04-08 13:45:04,650 - INFO - precision: 0.5307
2025-04-08 13:45:04,650 - INFO - recall: 0.5197
2025-04-08 13:45:04,657 - INFO - f1: 0.4272
2025-04-08 13:45:04,657 - INFO - 
xgb:
2025-04-08 13:45:04,657 - INFO - accuracy: 0.4915
2025-04-08 13:45:04,657 - INFO - precision: 0.5522
2025-04-08 13:45:04,657 - INFO - recall: 0.5542
2025-04-08 13:45:04,657 - INFO - f1: 0.4809
2025-04-08 13:45:04,657 - INFO - 
ensemble:
2025-04-08 13:45:04,657 - INFO - accuracy: 0.5082
2025-04-08 13:45:04,657 - INFO - precision: 0.5555
2025-04-08 13:45:04,657 - INFO - recall: 0.5901
2025-04-08 13:45:04,657 - INFO - f1: 0.4906
2025-04-08 13:45:05,049 - INFO - Model saved to enhanced_email_categorization_model.joblib
2025-04-08 13:45:05,049 - INFO - Training completed successfully
